# Server 1
<https://ark.intel.com/content/www/kr/ko/ark/products/81705/intel-xeon-processor-e5-2650-v3-25m-cache-2-30-ghz.html>
```
CentOS Linux release 7.7.1908 (Core)

Architecture:          x86_64
CPU op-mode(s):        32-bit, 64-bit
Byte Order:            Little Endian
CPU(s):                40
On-line CPU(s) list:   0-39
Thread(s) per core:    2
Core(s) per socket:    10
Socket(s):             2
NUMA node(s):          2
Vendor ID:             GenuineIntel
CPU family:            6
Model:                 63
Model name:            Intel(R) Xeon(R) CPU E5-2650 v3 @ 2.30GHz
Stepping:              2
CPU MHz:               2299.859
CPU max MHz:           2300.0000
CPU min MHz:           1200.0000
BogoMIPS:              4589.15
Virtualization:        VT-x
L1d cache:             32K
L1i cache:             32K
L2 cache:              256K
L3 cache:              25600K
NUMA node0 CPU(s):     0-9,20-29
NUMA node1 CPU(s):     10-19,30-39

MemTotal:       263848080 kB
```

# Server 50
<https://ark.intel.com/content/www/kr/ko/ark/products/40201/intel-xeon-processor-l5520-8m-cache-2-26-ghz-5-86-gt-s-intel-qpi.html>
```
CentOS Linux release 7.6.1810 (Core)

Architecture:          x86_64
CPU op-mode(s):        32-bit, 64-bit
Byte Order:            Little Endian
CPU(s):                16
On-line CPU(s) list:   0-15
Thread(s) per core:    2
Core(s) per socket:    4
Socket(s):             2
NUMA node(s):          2
Vendor ID:             GenuineIntel
CPU family:            6
Model:                 26
Model name:            Intel(R) Xeon(R) CPU           L5520  @ 2.27GHz
Stepping:              5
CPU MHz:               2266.000
CPU max MHz:           2266.0000
CPU min MHz:           1600.0000
BogoMIPS:              4533.49
Virtualization:        VT-x
L1d cache:             32K
L1i cache:             32K
L2 cache:              256K
L3 cache:              8192K
NUMA node0 CPU(s):     0,2,4,6,8,10,12,14
NUMA node1 CPU(s):     1,3,5,7,9,11,13,15

MemTotal:       65797532 kB
```

# Server 1
<https://ark.intel.com/content/www/kr/ko/ark/products/80810/intel-core-i5-4690-processor-6m-cache-up-to-3-90-ghz.html>
```
CentOS Linux release 7.7.1908 (Core)

Architecture:          x86_64
CPU op-mode(s):        32-bit, 64-bit
Byte Order:            Little Endian
CPU(s):                4
On-line CPU(s) list:   0-3
Thread(s) per core:    1
Core(s) per socket:    4
Socket(s):             1
NUMA node(s):          1
Vendor ID:             GenuineIntel
CPU family:            6
Model:                 60
Model name:            Intel(R) Core(TM) i5-4690 CPU @ 3.50GHz
Stepping:              3
CPU MHz:               837.402
CPU max MHz:           3900.0000
CPU min MHz:           800.0000
BogoMIPS:              7000.47
Virtualization:        VT-x
L1d cache:             32K
L1i cache:             32K
L2 cache:              256K
L3 cache:              6144K
NUMA node0 CPU(s):     0-3

MemTotal:       32666140 kB
```

# Server 2 
<https://ark.intel.com/content/www/kr/ko/ark/products/129939/intel-core-i5-8500-processor-9m-cache-up-to-4-10-ghz.html>
```
CentOS Linux release 7.7.1908 (Core)

Architecture:          x86_64
CPU op-mode(s):        32-bit, 64-bit
Byte Order:            Little Endian
CPU(s):                6
On-line CPU(s) list:   0-5
Thread(s) per core:    1
Core(s) per socket:    6
Socket(s):             1
NUMA node(s):          1
Vendor ID:             GenuineIntel
CPU family:            6
Model:                 158
Model name:            Intel(R) Core(TM) i5-8500 CPU @ 3.00GHz
Stepping:              10
CPU MHz:               3899.963
CPU max MHz:           4100.0000
CPU min MHz:           800.0000
BogoMIPS:              6000.00
Virtualization:        VT-x
L1d cache:             32K
L1i cache:             32K
L2 cache:              256K
L3 cache:              9216K
NUMA node0 CPU(s):     0-5

MemTotal:       131721164 kB
```

